[{"tax":0.00},{"tax":0.00},{"tax":0.00},{"tax":10000.00}]
