[{"operation":"buy","unit-cost":10.00,"quantity":10000},{"operation":"buy","unit-cost":25.00,"quantity":5000},{"operation":"sell","unit-cost":15.00,"quantity":10000},{"operation":"sell","unit-cost":25.00,"quantity":5000}]
