[{"operation":"buy","unit-cost":10.00,"quantity":10000},{"operation":"sell","unit-cost":50.00,"quantity":10000},{"operation":"buy","unit-cost":20.00,"quantity":10000},{"operation":"sell","unit-cost":50.00,"quantity":10000}]
