[{"tax":0.00},{"tax":80000.00},{"tax":0.00},{"tax":60000.00}]
