[{"tax":0.00},{"tax":0.00},{"tax":0.00},{"tax":0.00},{"tax":3000.00}]
